2026-05-31 15:35:10, MOVE, v:1, k:ed@multiset, mode:DOWN
2026-05-31 15:35:16, MOVE, v:1, k:ed@multiset, mode:PICK
2026-05-31 15:35:19, EXEC, v:1, k:ed@multiset, mode:FULL, rate:0, size:59
2026-05-31 15:35:10, MOVE, v:1, k:ed@multiset, mode:EDIT
2026-05-31 15:35:10, MOVE, v:1, k:ed@multiset, mode:EDIT
2026-05-31 15:35:10, MOVE, v:1, k:ed@multiset, mode:EDIT
2026-05-31 15:35:10, MOVE, v:1, k:ed@multiset, mode:EDIT
2026-05-31 15:35:19, MOVE, v:1, k:ed@multiset, mode:EDIT
2026-05-31 15:47:20, MOVE, v:1, k:ed@multiset, mode:EDIT
2026-05-31 15:52:37, MOVE, v:1, k:ed@multiset, mode:EDIT
2026-05-31 15:57:06, MOVE, v:1, k:ed@multiset, mode:EDIT
2026-05-31 16:00:01, MOVE, v:1, k:ed@multiset, mode:EDIT
2026-05-31 16:06:30, EXEC, v:1, k:ed@multiset, mode:FULL, size:29, fail:COMP
2026-05-31 16:06:31, EXEC, v:1, k:ed@multiset, mode:FULL, fail:COMP
2026-05-31 16:07:55, MOVE, v:1, k:ed@multiset, mode:EDIT
2026-05-31 16:14:22, MOVE, v:1, k:ed@multiset, mode:EDIT
2026-05-31 16:17:15, MOVE, v:1, k:ed@multiset, mode:EDIT
2026-05-31 16:21:15, MOVE, v:1, k:ed@multiset, mode:EDIT
2026-05-31 16:30:35, EXEC, v:1, k:ed@multiset, mode:FULL, size:58, fail:COMP
2026-05-31 16:30:35, EXEC, v:1, k:ed@multiset, mode:FULL, size:58, fail:COMP
2026-05-31 16:34:25, MOVE, v:1, k:ed@multiset, mode:EDIT
2026-05-31 16:39:16, MOVE, v:1, k:ed@multiset, mode:EDIT
2026-05-31 16:44:10, MOVE, v:1, k:ed@multiset, mode:EDIT
2026-05-31 16:49:28, MOVE, v:1, k:ed@multiset, mode:EDIT
2026-05-31 16:54:27, MOVE, v:1, k:ed@multiset, mode:EDIT
2026-05-31 16:59:28, MOVE, v:1, k:ed@multiset, mode:EDIT
2026-05-31 17:00:35, EXEC, v:1, k:ed@multiset, mode:FULL, size:191, fail:COMP
2026-05-31 17:02:13, EXEC, v:1, k:ed@multiset, mode:FULL, fail:COMP
2026-05-31 17:03:11, EXEC, v:1, k:ed@multiset, mode:FULL, size:191, fail:COMP
2026-05-31 17:03:11, EXEC, v:1, k:ed@multiset, mode:FULL, size:191, fail:COMP
2026-05-31 17:03:21, EXEC, v:1, k:ed@multiset, mode:FULL, size:191, fail:COMP
2026-05-31 17:03:57, EXEC, v:1, k:ed@multiset, mode:FULL, fail:COMP
2026-05-31 17:03:57, EXEC, v:1, k:ed@multiset, mode:FULL, fail:COMP
2026-05-31 17:03:20, MOVE, v:1, k:ed@multiset, mode:EDIT
2026-05-31 17:09:20, MOVE, v:1, k:ed@multiset, mode:EDIT
2026-05-31 17:11:20, EXEC, v:1, k:ed@multiset, mode:FULL, rate:0, size:213
2026-05-31 17:14:16, MOVE, v:1, k:ed@multiset, mode:EDIT
2026-05-31 17:11:20, MOVE, v:1, k:ed@multiset, mode:EDIT
2026-05-31 17:15:17, EXEC, v:1, k:ed@multiset, mode:FULL, rate:100, size:215
2026-05-31 17:15:23, EXEC, v:1, k:ed@multiset, mode:FULL, rate:100
2026-05-31 17:15:23, EXEC, v:1, k:ed@multiset, mode:FULL, rate:100
2026-05-31 17:15:24, MOVE, v:1, k:ed@multiset, mode:BACK
2026-05-31 17:16:26, SELF, v:1, k:ed@multiset, self:1, rate:100, study:120, problem:1, debug:1
