2026-06-16 22:19:36, MOVE, v:1, k:ed@lista_d4, mode:PICK
2026-06-16 22:19:39, EXEC, v:1, k:ed@lista_d4, mode:FULL, rate:0
2026-06-16 22:19:39, EXEC, v:1, k:ed@lista_d4, mode:FULL, rate:0
2026-06-16 22:19:41, EXEC, v:1, k:ed@lista_d4, mode:FULL, rate:0
2026-06-16 22:19:41, MOVE, v:1, k:ed@lista_d4, mode:EDIT
2026-06-16 22:32:43, MOVE, v:1, k:ed@lista_d4, mode:EDIT
2026-06-16 22:38:38, MOVE, v:1, k:ed@lista_d4, mode:EDIT
2026-06-16 22:43:36, MOVE, v:1, k:ed@lista_d4, mode:EDIT
2026-06-16 22:48:37, MOVE, v:1, k:ed@lista_d4, mode:EDIT
2026-06-16 22:49:38, EXEC, v:1, k:ed@lista_d4, mode:FULL, size:158, fail:COMP
2026-06-16 22:49:39, EXEC, v:1, k:ed@lista_d4, mode:FULL, fail:COMP
2026-06-16 22:52:06, EXEC, v:1, k:ed@lista_d4, mode:FULL, size:159, fail:COMP
2026-06-16 22:52:07, EXEC, v:1, k:ed@lista_d4, mode:FULL, fail:COMP
2026-06-16 22:51:53, MOVE, v:1, k:ed@lista_d4, mode:EDIT
2026-06-16 22:54:12, EXEC, v:1, k:ed@lista_d4, mode:FULL, size:159, fail:COMP
2026-06-16 22:56:08, EXEC, v:1, k:ed@lista_d4, mode:FULL, rate:0, size:160
2026-06-16 22:58:36, MOVE, v:1, k:ed@lista_d4, mode:EDIT
2026-06-16 22:56:08, MOVE, v:1, k:ed@lista_d4, mode:EDIT
2026-06-16 23:01:30, EXEC, v:1, k:ed@lista_d4, mode:FULL, rate:66, size:159
2026-06-16 23:01:17, MOVE, v:1, k:ed@lista_d4, mode:EDIT
2026-06-16 23:01:30, MOVE, v:1, k:ed@lista_d4, mode:EDIT
2026-06-16 23:06:11, EXEC, v:1, k:ed@lista_d4, mode:FULL, rate:100, size:161
2026-06-16 23:06:28, EXEC, v:1, k:ed@lista_d4, mode:FULL, rate:100
2026-06-16 23:06:29, MOVE, v:1, k:ed@lista_d4, mode:BACK
2026-06-16 23:07:54, SELF, v:1, k:ed@lista_d4, self:1, rate:100, study:70, concept:1, problem:1, debug:1
