2026-06-10 18:09:43, MOVE, v:1, k:ed@lista_d1, mode:DOWN
2026-06-10 18:09:45, MOVE, v:1, k:ed@lista_d1, mode:PICK
2026-06-10 18:09:48, EXEC, v:1, k:ed@lista_d1, mode:FULL, rate:0, size:57
2026-06-10 18:09:50, EXEC, v:1, k:ed@lista_d1, mode:FULL, rate:0
2026-06-10 18:09:43, MOVE, v:1, k:ed@lista_d1, mode:EDIT
2026-06-10 18:09:43, MOVE, v:1, k:ed@lista_d1, mode:EDIT
2026-06-10 18:09:50, MOVE, v:1, k:ed@lista_d1, mode:EDIT
2026-06-10 18:24:25, MOVE, v:1, k:ed@lista_d1, mode:EDIT
2026-06-10 18:27:30, MOVE, v:1, k:ed@lista_d1, mode:EDIT
2026-06-10 18:30:33, MOVE, v:1, k:ed@lista_d1, mode:EDIT
2026-06-10 18:39:21, MOVE, v:1, k:ed@lista_d1, mode:EDIT
2026-06-10 18:39:38, MOVE, v:1, k:ed@lista_d1, mode:EDIT
2026-06-10 18:53:08, MOVE, v:1, k:ed@lista_d1, mode:EDIT
2026-06-10 19:09:26, MOVE, v:1, k:ed@lista_d1, mode:EDIT
2026-06-10 19:13:11, MOVE, v:1, k:ed@lista_d1, mode:EDIT
2026-06-10 19:18:32, MOVE, v:1, k:ed@lista_d1, mode:EDIT
2026-06-10 19:59:47, MOVE, v:1, k:ed@lista_d1, mode:PICK
2026-06-10 19:59:47, EXEC, v:1, k:ed@lista_d1, mode:FULL, size:138, fail:COMP
2026-06-10 20:00:08, EXEC, v:1, k:ed@lista_d1, mode:FULL, size:138, fail:COMP
2026-06-10 20:00:09, EXEC, v:1, k:ed@lista_d1, mode:FULL, fail:COMP
2026-06-10 20:00:09, EXEC, v:1, k:ed@lista_d1, mode:FULL, fail:COMP
2026-06-10 20:03:09, EXEC, v:1, k:ed@lista_d1, mode:FULL, rate:100, size:168
2026-06-10 20:03:13, MOVE, v:1, k:ed@lista_d1, mode:BACK
2026-06-10 20:03:38, SELF, v:1, k:ed@lista_d1, self:1, rate:100, study:80, concept:1, problem:1, debug:1
2026-06-10 20:03:00, MOVE, v:1, k:ed@lista_d1, mode:EDIT
2026-06-10 20:03:09, MOVE, v:1, k:ed@lista_d1, mode:EDIT
