2026-06-24 19:19:56, MOVE, v:1, k:ed@bufferring, mode:DOWN
2026-06-24 19:19:57, MOVE, v:1, k:ed@bufferring, mode:PICK
2026-06-24 19:20:01, EXEC, v:1, k:ed@bufferring, mode:FULL, rate:0, size:110
2026-06-24 19:20:04, EXEC, v:1, k:ed@bufferring, mode:FULL, rate:0
2026-06-24 19:19:56, MOVE, v:1, k:ed@bufferring, mode:EDIT
2026-06-24 19:22:48, MOVE, v:1, k:ed@bufferring, mode:EDIT
2026-06-24 19:20:03, MOVE, v:1, k:ed@bufferring, mode:EDIT
2026-06-24 19:28:25, MOVE, v:1, k:ed@bufferring, mode:EDIT
2026-06-24 19:32:50, MOVE, v:1, k:ed@bufferring, mode:EDIT
2026-06-24 19:38:28, MOVE, v:1, k:ed@bufferring, mode:EDIT
2026-06-24 19:43:32, MOVE, v:1, k:ed@bufferring, mode:EDIT
2026-06-24 19:45:01, EXEC, v:1, k:ed@bufferring, mode:FULL, size:192, fail:COMP
2026-06-24 19:45:01, EXEC, v:1, k:ed@bufferring, mode:FULL, size:192, fail:COMP
2026-06-24 19:45:26, EXEC, v:1, k:ed@bufferring, mode:FULL, rate:83, size:192
2026-06-24 19:45:26, EXEC, v:1, k:ed@bufferring, mode:FULL, rate:83
2026-06-24 19:48:13, MOVE, v:1, k:ed@bufferring, mode:EDIT
2026-06-24 19:45:26, MOVE, v:1, k:ed@bufferring, mode:EDIT
2026-06-24 19:50:30, EXEC, v:1, k:ed@bufferring, mode:FULL, rate:100, size:191
2026-06-24 19:50:38, MOVE, v:1, k:ed@bufferring, mode:BACK
2026-06-24 19:51:24, SELF, v:1, k:ed@bufferring, self:1, rate:100, study:50, concept:1, code:1
