2026-06-30 15:01:41, MOVE, v:1, k:ed@fila_enc, mode:PICK
2026-06-30 15:01:43, EXEC, v:1, k:ed@fila_enc, mode:FULL, size:123, fail:COMP
2026-06-30 15:01:49, MOVE, v:1, k:ed@fila_enc, mode:EDIT
2026-06-30 15:04:55, MOVE, v:1, k:ed@fila_enc, mode:EDIT
2026-06-30 15:09:48, EXEC, v:1, k:ed@fila_enc, mode:FULL, size:140, fail:COMP
2026-06-30 15:09:49, EXEC, v:1, k:ed@fila_enc, mode:FULL, fail:COMP
2026-06-30 15:10:19, EXEC, v:1, k:ed@fila_enc, mode:FULL, size:138, fail:COMP
2026-06-30 15:10:20, EXEC, v:1, k:ed@fila_enc, mode:FULL, fail:COMP
2026-06-30 15:11:16, EXEC, v:1, k:ed@fila_enc, mode:FULL, size:138, fail:COMP
2026-06-30 15:11:09, MOVE, v:1, k:ed@fila_enc, mode:EDIT
2026-06-30 15:16:01, MOVE, v:1, k:ed@fila_enc, mode:PICK
2026-06-30 15:16:02, EXEC, v:1, k:ed@fila_enc, mode:FULL, size:143, fail:COMP
2026-06-30 15:17:01, EXEC, v:1, k:ed@fila_enc, mode:FULL, size:148, fail:COMP
2026-06-30 15:17:02, EXEC, v:1, k:ed@fila_enc, mode:FULL, fail:COMP
2026-06-30 15:16:49, MOVE, v:1, k:ed@fila_enc, mode:EDIT
2026-06-30 15:31:00, MOVE, v:1, k:ed@fila_enc, mode:EDIT
2026-06-30 15:35:55, MOVE, v:1, k:ed@fila_enc, mode:EDIT
2026-06-30 15:37:53, EXEC, v:1, k:ed@fila_enc, mode:FULL, rate:100, size:128
2026-06-30 15:38:00, MOVE, v:1, k:ed@fila_enc, mode:BACK
2026-06-30 15:38:08, MOVE, v:1, k:ed@fila_enc, mode:PICK
2026-06-30 15:38:09, EXEC, v:1, k:ed@fila_enc, mode:FULL, rate:100
2026-06-30 15:38:10, EXEC, v:1, k:ed@fila_enc, mode:FULL, rate:100
2026-06-30 15:38:11, MOVE, v:1, k:ed@fila_enc, mode:BACK
2026-06-30 15:38:57, SELF, v:1, k:ed@fila_enc, self:1, rate:100, study:65, concept:1, problem:1, debug:1
