2026-05-01 14:16:48, MOVE, v:1, k:ed@resto, mode:PICK
2026-05-01 14:16:50, EXEC, v:1, k:ed@resto, mode:FULL, rate:0
2026-05-01 14:16:51, EXEC, v:1, k:ed@resto, mode:FULL, rate:0
2026-05-01 14:16:51, MOVE, v:1, k:ed@resto, mode:EDIT
2026-05-01 14:17:12, MOVE, v:1, k:ed@resto, mode:EDIT
2026-05-01 14:30:39, MOVE, v:1, k:ed@resto, mode:EDIT
2026-05-01 14:37:38, EXEC, v:1, k:ed@resto, mode:FULL, rate:0, size:21
2026-05-01 14:38:24, EXEC, v:1, k:ed@resto, mode:FULL, rate:25, size:21
2026-05-01 14:38:24, MOVE, v:1, k:ed@resto, mode:EDIT
2026-05-01 14:40:43, MOVE, v:1, k:ed@resto, mode:EDIT
2026-05-01 14:42:30, EXEC, v:1, k:ed@resto, mode:FULL, rate:100, size:22
2026-05-01 14:42:33, EXEC, v:1, k:ed@resto, mode:FULL, rate:100
2026-05-01 14:42:34, EXEC, v:1, k:ed@resto, mode:FULL, rate:100
2026-05-01 14:42:36, MOVE, v:1, k:ed@resto, mode:BACK
2026-05-01 14:42:43, MOVE, v:1, k:ed@resto, mode:PICK
2026-05-01 14:42:45, EXEC, v:1, k:ed@resto, mode:FULL, rate:100
2026-05-01 14:42:46, EXEC, v:1, k:ed@resto, mode:FULL, rate:100
2026-05-01 14:42:58, MOVE, v:1, k:ed@resto, mode:BACK
2026-05-01 14:43:38, SELF, v:1, k:ed@treinando, self:1, study:120, concept:1, problem:1, debug:1
2026-05-01 14:44:06, SELF, v:1, k:ed@resto, self:1, rate:100, study:40, problem:1
2026-05-01 14:49:10, MOVE, v:1, k:ed@queimada, mode:DOWN
2026-05-01 14:49:17, MOVE, v:1, k:ed@queimada, mode:PICK
2026-05-01 14:49:10, MOVE, v:1, k:ed@queimada, mode:EDIT
2026-05-01 14:49:10, MOVE, v:1, k:ed@queimada, mode:EDIT
2026-05-01 14:50:44, MOVE, v:1, k:ed@queimada, mode:EDIT
2026-05-01 14:53:30, MOVE, v:1, k:ed@queimada, mode:EDIT
2026-05-01 15:03:06, MOVE, v:1, k:ed@queimada, mode:EDIT
2026-05-01 15:03:35, MOVE, v:1, k:ed@queimada, mode:EDIT
2026-05-01 15:10:44, MOVE, v:1, k:ed@queimada, mode:EDIT
2026-05-01 15:26:25, EXEC, v:1, k:ed@queimada, mode:FULL, rate:0, size:50
2026-05-01 15:26:26, EXEC, v:1, k:ed@queimada, mode:FULL, rate:0
2026-05-01 15:27:20, EXEC, v:1, k:ed@queimada, mode:FULL, rate:100, size:43
2026-05-01 15:27:22, EXEC, v:1, k:ed@queimada, mode:FULL, rate:100
2026-05-01 15:27:22, EXEC, v:1, k:ed@queimada, mode:FULL, rate:100
2026-05-01 15:27:22, MOVE, v:1, k:ed@queimada, mode:EDIT
2026-05-01 15:27:35, MOVE, v:1, k:ed@queimada, mode:EDIT
2026-05-01 19:32:43, MOVE, v:1, k:ed@queimada, mode:PICK
2026-05-01 19:32:45, EXEC, v:1, k:ed@queimada, mode:FULL, rate:100
2026-05-01 19:32:46, EXEC, v:1, k:ed@queimada, mode:FULL, rate:100
2026-05-01 19:32:48, MOVE, v:1, k:ed@queimada, mode:BACK
2026-05-01 19:33:20, MOVE, v:1, k:ed@queimada, mode:PICK
2026-05-01 19:33:20, EXEC, v:1, k:ed@queimada, mode:FULL, rate:100
2026-05-01 19:33:22, EXEC, v:1, k:ed@queimada, mode:FULL, rate:100
2026-05-01 19:33:22, MOVE, v:1, k:ed@queimada, mode:BACK
2026-05-01 19:33:57, SELF, v:1, k:ed@queimada, self:1, rate:100, study:60, concept:1, problem:1, debug:1
2026-05-01 19:34:04, MOVE, v:1, k:ed@mdc, mode:DOWN
2026-05-01 19:34:05, MOVE, v:1, k:ed@mdc, mode:PICK
2026-05-01 19:34:07, EXEC, v:1, k:ed@mdc, mode:FULL, rate:0, size:15
2026-05-01 19:34:10, EXEC, v:1, k:ed@mdc, mode:FULL, rate:0
2026-05-01 19:34:31, EXEC, v:1, k:ed@mdc, mode:FULL, rate:0
2026-05-01 19:33:21, MOVE, v:1, k:ed@queimada, mode:EDIT
2026-05-01 19:33:09, MOVE, v:1, k:ed@queimada, mode:EDIT
2026-05-01 19:34:04, MOVE, v:1, k:ed@mdc, mode:EDIT
2026-05-01 19:34:04, MOVE, v:1, k:ed@mdc, mode:EDIT
2026-05-01 19:34:50, MOVE, v:1, k:ed@mdc, mode:EDIT
2026-05-01 19:34:31, MOVE, v:1, k:ed@mdc, mode:EDIT
2026-05-01 19:45:07, EXEC, v:1, k:ed@mdc, mode:FULL, size:19, fail:COMP
2026-05-01 19:45:07, EXEC, v:1, k:ed@mdc, mode:FULL, size:19, fail:COMP
2026-05-01 19:45:20, EXEC, v:1, k:ed@mdc, mode:FULL, rate:100, size:19
2026-05-01 19:45:23, EXEC, v:1, k:ed@mdc, mode:FULL, rate:100
2026-05-01 19:45:24, MOVE, v:1, k:ed@mdc, mode:BACK
2026-05-01 19:45:33, MOVE, v:1, k:ed@mdc, mode:PICK
2026-05-01 19:45:34, EXEC, v:1, k:ed@mdc, mode:FULL, rate:100
2026-05-01 19:45:38, EXEC, v:1, k:ed@mdc, mode:FULL, rate:100
2026-05-01 19:45:38, MOVE, v:1, k:ed@mdc, mode:BACK
