2026-07-02 00:03:31, EXEC, v:1, k:ed@balanceada, mode:FULL, size:47, fail:COMP
2026-07-02 00:03:32, EXEC, v:1, k:ed@balanceada, mode:FULL, fail:COMP
2026-07-02 00:03:48, EXEC, v:1, k:ed@balanceada, mode:FULL, rate:100, size:45
2026-07-02 00:04:10, MOVE, v:1, k:ed@balanceada, mode:BACK
2026-07-02 00:03:45, MOVE, v:1, k:ed@balanceada, mode:EDIT
2026-07-02 00:03:48, MOVE, v:1, k:ed@balanceada, mode:EDIT
2026-07-02 00:04:37, MOVE, v:1, k:ed@balanceada, mode:PICK
2026-07-02 00:04:38, EXEC, v:1, k:ed@balanceada, mode:FULL, rate:100
2026-07-02 00:05:02, EXEC, v:1, k:ed@balanceada, mode:FULL, size:45, fail:COMP
2026-07-02 00:05:03, EXEC, v:1, k:ed@balanceada, mode:FULL, fail:COMP
2026-07-02 00:04:38, MOVE, v:1, k:ed@balanceada, mode:EDIT
2026-07-02 00:08:52, MOVE, v:1, k:ed@balanceada, mode:EDIT
2026-07-02 00:14:34, MOVE, v:1, k:ed@balanceada, mode:EDIT
2026-07-02 00:14:54, EXEC, v:1, k:ed@balanceada, mode:FULL, size:24, fail:COMP
2026-07-02 00:14:55, EXEC, v:1, k:ed@balanceada, mode:FULL, fail:COMP
2026-07-02 00:19:32, MOVE, v:1, k:ed@balanceada, mode:EDIT
2026-07-02 00:24:34, EXEC, v:1, k:ed@balanceada, mode:FULL, rate:50, size:45
2026-07-02 00:24:32, MOVE, v:1, k:ed@balanceada, mode:EDIT
2026-07-02 00:24:34, MOVE, v:1, k:ed@balanceada, mode:EDIT
2026-07-02 00:24:46, EXEC, v:1, k:ed@balanceada, mode:FULL, rate:100, size:45
2026-07-02 00:24:56, MOVE, v:1, k:ed@balanceada, mode:BACK
2026-07-02 00:25:53, SELF, v:1, k:ed@balanceada, self:1, rate:100, study:60, concept:1, problem:1
2026-07-02 00:27:07, SELF, v:1, k:ed@sudoku, self:1, rate:100, study:45, concept:1, debug:1
2026-07-02 02:23:44, MOVE, v:1, k:ed@serial, mode:DOWN
2026-07-02 02:23:46, MOVE, v:1, k:ed@serial, mode:PICK
2026-07-02 02:23:50, EXEC, v:1, k:ed@serial, mode:FULL, rate:0, size:65
2026-07-02 02:23:50, EXEC, v:1, k:ed@serial, mode:FULL, rate:0, size:65
2026-07-02 02:23:52, EXEC, v:1, k:ed@serial, mode:FULL, rate:0, size:65
2026-07-02 02:25:42, EXEC, v:1, k:ed@serial, mode:FULL, rate:0, size:66
2026-07-02 02:25:43, EXEC, v:1, k:ed@serial, mode:FULL, rate:0
2026-07-02 02:23:44, MOVE, v:1, k:ed@serial, mode:EDIT
2026-07-02 02:25:40, MOVE, v:1, k:ed@serial, mode:EDIT
2026-07-02 02:25:43, MOVE, v:1, k:ed@serial, mode:EDIT
2026-07-02 02:31:00, MOVE, v:1, k:ed@serial, mode:EDIT
2026-07-02 02:36:27, EXEC, v:1, k:ed@serial, mode:FULL, size:78, fail:COMP
2026-07-02 02:36:25, MOVE, v:1, k:ed@serial, mode:EDIT
2026-07-02 02:41:19, EXEC, v:1, k:ed@serial, mode:FULL, rate:100, size:86
2026-07-02 02:41:33, MOVE, v:1, k:ed@serial, mode:EDIT
2026-07-02 02:41:19, MOVE, v:1, k:ed@serial, mode:EDIT
2026-07-02 02:42:14, EXEC, v:1, k:ed@serial, mode:FULL, rate:100, size:80
2026-07-02 02:42:15, EXEC, v:1, k:ed@serial, mode:FULL, rate:100
2026-07-02 02:42:26, MOVE, v:1, k:ed@serial, mode:BACK
2026-07-02 02:42:31, MOVE, v:1, k:ed@serial, mode:PICK
2026-07-02 02:42:32, EXEC, v:1, k:ed@serial, mode:FULL, rate:100
2026-07-02 02:42:32, EXEC, v:1, k:ed@serial, mode:FULL, rate:100
2026-07-02 02:42:40, MOVE, v:1, k:ed@serial, mode:BACK
2026-07-02 02:43:05, MOVE, v:1, k:ed@serial, mode:PICK
2026-07-02 02:43:07, EXEC, v:1, k:ed@serial, mode:FULL, rate:100, size:79
2026-07-02 02:43:27, EXEC, v:1, k:ed@serial, mode:FULL, size:79, fail:COMP
2026-07-02 02:43:27, EXEC, v:1, k:ed@serial, mode:FULL, size:79, fail:COMP
2026-07-02 02:43:07, MOVE, v:1, k:ed@serial, mode:EDIT
2026-07-02 02:43:15, MOVE, v:1, k:ed@serial, mode:EDIT
2026-07-02 02:56:13, EXEC, v:1, k:ed@serial, mode:FULL, rate:100, size:79
2026-07-02 02:56:14, EXEC, v:1, k:ed@serial, mode:FULL, rate:100
2026-07-02 02:56:16, MOVE, v:1, k:ed@serial, mode:BACK
2026-07-02 02:57:58, MOVE, v:1, k:ed@formatada, mode:DOWN
2026-07-02 02:57:58, MOVE, v:1, k:ed@formatada, mode:PICK
2026-07-02 02:58:00, EXEC, v:1, k:ed@formatada, mode:FULL, rate:0, size:72
2026-07-02 02:58:03, EXEC, v:1, k:ed@formatada, mode:FULL, rate:0
2026-07-02 03:01:25, EXEC, v:1, k:ed@formatada, mode:FULL, rate:0
2026-07-02 02:57:58, MOVE, v:1, k:ed@formatada, mode:EDIT
2026-07-02 02:57:58, MOVE, v:1, k:ed@formatada, mode:EDIT
2026-07-02 03:01:25, MOVE, v:1, k:ed@formatada, mode:EDIT
2026-07-02 03:04:28, MOVE, v:1, k:ed@formatada, mode:EDIT
2026-07-02 03:10:56, EXEC, v:1, k:ed@formatada, mode:FULL, rate:14, size:85
2026-07-02 03:10:56, EXEC, v:1, k:ed@formatada, mode:FULL, rate:14, size:85
2026-07-02 03:11:32, MOVE, v:1, k:ed@formatada, mode:EDIT
2026-07-02 03:10:56, MOVE, v:1, k:ed@formatada, mode:EDIT
2026-07-02 03:12:45, EXEC, v:1, k:ed@formatada, mode:FULL, rate:100, size:91
2026-07-02 03:12:58, MOVE, v:1, k:ed@formatada, mode:BACK
2026-07-02 03:13:35, SELF, v:1, k:ed@serial, self:1, rate:100, study:50, concept:1, problem:1, debug:1
2026-07-02 03:13:42, MOVE, v:1, k:ed@formatada, mode:PICK
2026-07-02 03:13:43, EXEC, v:1, k:ed@formatada, mode:FULL, rate:100
2026-07-02 03:13:53, EXEC, v:1, k:ed@formatada, mode:FULL, size:91, fail:COMP
2026-07-02 03:13:54, EXEC, v:1, k:ed@formatada, mode:FULL, fail:COMP
2026-07-02 03:13:43, MOVE, v:1, k:ed@formatada, mode:EDIT
2026-07-02 03:13:49, MOVE, v:1, k:ed@formatada, mode:EDIT
2026-07-02 03:18:35, EXEC, v:1, k:ed@formatada, mode:FREE
2026-07-02 03:18:45, MOVE, v:1, k:ed@formatada, mode:EDIT
2026-07-02 03:23:27, EXEC, v:1, k:ed@formatada, mode:FULL, rate:100, size:91
2026-07-02 03:23:28, EXEC, v:1, k:ed@formatada, mode:FULL, rate:100
2026-07-02 03:23:31, MOVE, v:1, k:ed@formatada, mode:BACK
2026-07-02 03:24:19, MOVE, v:1, k:ed@formatada, mode:PICK
2026-07-02 03:24:19, EXEC, v:1, k:ed@formatada, mode:FULL, rate:100
2026-07-02 03:24:19, MOVE, v:1, k:ed@formatada, mode:EDIT
2026-07-02 03:28:56, MOVE, v:1, k:ed@formatada, mode:EDIT
2026-07-02 03:30:31, EXEC, v:1, k:ed@formatada, mode:FULL, size:90, fail:COMP
2026-07-02 03:30:31, EXEC, v:1, k:ed@formatada, mode:FULL, size:90, fail:COMP
2026-07-02 03:30:32, EXEC, v:1, k:ed@formatada, mode:FULL, size:90, fail:COMP
2026-07-02 03:32:10, EXEC, v:1, k:ed@formatada, mode:FULL, rate:100, size:90
2026-07-02 03:32:10, EXEC, v:1, k:ed@formatada, mode:FULL, rate:100, size:90
2026-07-02 03:32:11, MOVE, v:1, k:ed@formatada, mode:BACK
2026-07-02 03:33:32, SELF, v:1, k:ed@formatada, self:1, rate:100, study:45, problem:1, debug:1
2026-07-02 15:52:50, MOVE, v:1, k:ed@inverter, mode:DOWN
2026-07-02 15:52:51, MOVE, v:1, k:ed@inverter, mode:PICK
2026-07-02 15:52:59, EXEC, v:1, k:ed@inverter, mode:FULL, rate:16, size:72
2026-07-02 15:52:59, EXEC, v:1, k:ed@inverter, mode:FULL, rate:16, size:72
2026-07-02 15:53:02, EXEC, v:1, k:ed@inverter, mode:FULL, rate:16, size:72
2026-07-02 15:52:50, MOVE, v:1, k:ed@inverter, mode:EDIT
2026-07-02 15:53:14, MOVE, v:1, k:ed@inverter, mode:EDIT
2026-07-02 15:53:01, MOVE, v:1, k:ed@inverter, mode:EDIT
2026-07-02 15:58:24, MOVE, v:1, k:ed@inverter, mode:EDIT
2026-07-02 16:03:35, MOVE, v:1, k:ed@inverter, mode:EDIT
2026-07-02 16:07:59, MOVE, v:1, k:ed@inverter, mode:EDIT
2026-07-02 16:12:51, MOVE, v:1, k:ed@inverter, mode:EDIT
2026-07-02 16:14:16, EXEC, v:1, k:ed@inverter, mode:FULL, size:79, fail:COMP
2026-07-02 16:15:41, EXEC, v:1, k:ed@inverter, mode:FULL, rate:100, size:79
2026-07-02 16:15:41, EXEC, v:1, k:ed@inverter, mode:FULL, rate:100, size:79
2026-07-02 16:15:53, MOVE, v:1, k:ed@inverter, mode:BACK
2026-07-02 16:15:56, MOVE, v:1, k:ed@inverter, mode:PICK
2026-07-02 16:15:56, EXEC, v:1, k:ed@inverter, mode:FULL, rate:100, size:79
2026-07-02 16:15:57, EXEC, v:1, k:ed@inverter, mode:FULL, rate:100
2026-07-02 16:15:58, MOVE, v:1, k:ed@inverter, mode:BACK
2026-07-02 16:18:04, MOVE, v:1, k:ed@inverter, mode:PICK
2026-07-02 16:18:05, EXEC, v:1, k:ed@inverter, mode:FULL, rate:100
2026-07-02 16:20:57, EXEC, v:1, k:ed@inverter, mode:FULL, size:79, fail:COMP
2026-07-02 16:20:57, EXEC, v:1, k:ed@inverter, mode:FULL, size:79, fail:COMP
2026-07-02 16:18:05, MOVE, v:1, k:ed@inverter, mode:EDIT
2026-07-02 16:21:27, MOVE, v:1, k:ed@inverter, mode:EDIT
2026-07-02 16:27:29, MOVE, v:1, k:ed@inverter, mode:EDIT
2026-07-02 16:30:26, EXEC, v:1, k:ed@inverter, mode:FULL, rate:100, size:86
2026-07-02 16:30:26, EXEC, v:1, k:ed@inverter, mode:FULL, rate:100, size:86
2026-07-02 16:30:35, MOVE, v:1, k:ed@inverter, mode:BACK
2026-07-02 16:31:17, SELF, v:1, k:ed@inverter, self:1, rate:100, study:50, problem:1
2026-07-02 16:31:49, MOVE, v:1, k:ed@dfs_read, mode:DOWN
2026-07-02 16:31:54, MOVE, v:1, k:ed@dfs_read, mode:PICK
2026-07-02 16:31:56, EXEC, v:1, k:ed@dfs_read, mode:LOCK, rate:0, size:5
2026-07-02 16:31:58, EXEC, v:1, k:ed@dfs_read, mode:LOCK, rate:0
2026-07-02 16:32:17, MOVE, v:1, k:ed@dfs_read, mode:BACK
2026-07-02 16:32:38, MOVE, v:1, k:ed@dfs_read, mode:PICK
2026-07-02 16:32:39, EXEC, v:1, k:ed@dfs_read, mode:LOCK, rate:0
2026-07-02 16:32:40, EXEC, v:1, k:ed@dfs_read, mode:LOCK, rate:0
2026-07-02 16:33:47, MOVE, v:1, k:ed@dfs_read, mode:BACK
2026-07-02 16:34:24, MOVE, v:1, k:ed@ilhas, mode:DOWN
2026-07-02 16:34:25, MOVE, v:1, k:ed@ilhas, mode:PICK
2026-07-02 16:34:26, EXEC, v:1, k:ed@ilhas, mode:FULL, size:31, fail:COMP
2026-07-02 16:34:28, EXEC, v:1, k:ed@ilhas, mode:FULL, fail:COMP
2026-07-02 16:32:40, MOVE, v:1, k:ed@dfs_read, mode:EDIT
2026-07-02 16:32:42, MOVE, v:1, k:ed@dfs_read, mode:EDIT
2026-07-02 16:34:24, MOVE, v:1, k:ed@ilhas, mode:EDIT
2026-07-02 16:35:12, MOVE, v:1, k:ed@ilhas, mode:EDIT
2026-07-02 16:37:41, MOVE, v:1, k:ed@ilhas, mode:EDIT
2026-07-02 16:45:03, EXEC, v:1, k:ed@ilhas, mode:FULL, size:36, fail:COMP
2026-07-02 16:45:03, EXEC, v:1, k:ed@ilhas, mode:FULL, fail:COMP
2026-07-02 16:45:32, MOVE, v:1, k:ed@ilhas, mode:EDIT
2026-07-02 16:50:32, EXEC, v:1, k:ed@ilhas, mode:FULL, size:45, fail:COMP
2026-07-02 16:50:29, MOVE, v:1, k:ed@ilhas, mode:EDIT
2026-07-02 16:54:42, EXEC, v:1, k:ed@ilhas, mode:FULL, size:57, fail:COMP
2026-07-02 16:55:50, MOVE, v:1, k:ed@ilhas, mode:EDIT
2026-07-02 16:58:01, EXEC, v:1, k:ed@ilhas, mode:FULL, size:59, fail:COMP
2026-07-02 16:58:01, EXEC, v:1, k:ed@ilhas, mode:FULL, size:59, fail:COMP
2026-07-02 16:59:23, EXEC, v:1, k:ed@ilhas, mode:FULL, rate:100, size:59
2026-07-02 16:59:34, MOVE, v:1, k:ed@ilhas, mode:BACK
2026-07-02 17:00:08, MOVE, v:1, k:ed@ilhas, mode:PICK
2026-07-02 17:00:09, EXEC, v:1, k:ed@ilhas, mode:FULL, rate:100
2026-07-02 17:00:09, MOVE, v:1, k:ed@ilhas, mode:EDIT
2026-07-02 17:00:36, MOVE, v:1, k:ed@ilhas, mode:EDIT
2026-07-02 18:15:37, MOVE, v:1, k:ed@ilhas, mode:PICK
2026-07-02 18:15:38, EXEC, v:1, k:ed@ilhas, mode:FULL, size:40, fail:COMP
2026-07-02 18:20:22, MOVE, v:1, k:ed@ilhas, mode:EDIT
2026-07-02 18:20:31, EXEC, v:1, k:ed@ilhas, mode:FULL, size:32, fail:COMP
2026-07-02 18:25:21, MOVE, v:1, k:ed@ilhas, mode:EDIT
2026-07-02 18:27:27, EXEC, v:1, k:ed@ilhas, mode:FULL, size:60, fail:COMP
2026-07-02 18:27:38, EXEC, v:1, k:ed@ilhas, mode:FULL, rate:100, size:59
2026-07-02 18:27:49, MOVE, v:1, k:ed@ilhas, mode:BACK
2026-07-02 18:28:24, SELF, v:1, k:ed@ilhas, self:1, rate:100, study:40, concept:1
2026-07-02 18:28:38, MOVE, v:1, k:ed@cercado, mode:DOWN
2026-07-02 18:28:39, MOVE, v:1, k:ed@cercado, mode:PICK
2026-07-02 18:28:40, EXEC, v:1, k:ed@cercado, mode:FULL, rate:33, size:29
2026-07-02 18:28:42, EXEC, v:1, k:ed@cercado, mode:FULL, rate:33
2026-07-02 18:28:38, MOVE, v:1, k:ed@cercado, mode:EDIT
2026-07-02 18:28:38, MOVE, v:1, k:ed@cercado, mode:EDIT
2026-07-02 18:28:42, MOVE, v:1, k:ed@cercado, mode:EDIT
2026-07-02 19:28:17, MOVE, v:1, k:ed@cercado, mode:PICK
2026-07-02 19:28:20, EXEC, v:1, k:ed@cercado, mode:FULL, rate:33
2026-07-02 19:28:20, EXEC, v:1, k:ed@cercado, mode:FULL, rate:33
2026-07-02 19:28:21, MOVE, v:1, k:ed@cercado, mode:EDIT
2026-07-02 19:33:04, MOVE, v:1, k:ed@cercado, mode:EDIT
2026-07-02 19:35:37, EXEC, v:1, k:ed@cercado, mode:FULL, size:33, fail:COMP
2026-07-02 19:35:37, EXEC, v:1, k:ed@cercado, mode:FULL, size:33, fail:COMP
2026-07-02 19:38:04, MOVE, v:1, k:ed@cercado, mode:EDIT
2026-07-02 19:43:05, MOVE, v:1, k:ed@cercado, mode:EDIT
2026-07-02 19:43:20, EXEC, v:1, k:ed@cercado, mode:FULL, rate:33, size:56
2026-07-02 19:47:18, MOVE, v:1, k:ed@cercado, mode:EDIT
2026-07-02 19:43:20, MOVE, v:1, k:ed@cercado, mode:EDIT
2026-07-02 19:52:44, MOVE, v:1, k:ed@cercado, mode:EDIT
2026-07-02 19:53:44, EXEC, v:1, k:ed@cercado, mode:FULL, rate:33, size:72
2026-07-02 19:55:39, EXEC, v:1, k:ed@cercado, mode:FULL, rate:33, size:29
2026-07-02 19:55:39, MOVE, v:1, k:ed@cercado, mode:EDIT
2026-07-02 19:58:06, MOVE, v:1, k:ed@cercado, mode:EDIT
2026-07-02 20:00:13, EXEC, v:1, k:ed@cercado, mode:FULL, size:66, fail:COMP
2026-07-02 20:00:12, MOVE, v:1, k:ed@cercado, mode:EDIT
2026-07-02 20:08:06, MOVE, v:1, k:ed@cercado, mode:EDIT
2026-07-02 20:08:41, EXEC, v:1, k:ed@cercado, mode:FULL, size:80, fail:COMP
2026-07-02 20:08:42, EXEC, v:1, k:ed@cercado, mode:FULL, fail:COMP
2026-07-02 20:12:49, EXEC, v:1, k:ed@cercado, mode:FULL, rate:100, size:82
2026-07-02 20:12:59, MOVE, v:1, k:ed@cercado, mode:BACK
2026-07-02 20:13:28, SELF, v:1, k:ed@cercado, self:1, rate:100, study:65, debug:1
