2026-07-08 00:16:50, MOVE, v:1, k:ed@polonesa, mode:EDIT
2026-07-08 00:23:23, EXEC, v:1, k:ed@polonesa, mode:FULL, rate:100, size:62
2026-07-08 00:23:32, MOVE, v:1, k:ed@polonesa, mode:BACK
2026-07-08 00:24:04, SELF, v:1, k:ed@polonesa, self:1, rate:100, study:55, concept:1, problem:1, debug:1
2026-07-08 00:24:12, MOVE, v:1, k:ed@hex, mode:DOWN
2026-07-08 00:24:12, MOVE, v:1, k:ed@hex, mode:PICK
2026-07-08 00:24:22, MOVE, v:1, k:ed@hex, mode:BACK
2026-07-08 00:24:24, MOVE, v:1, k:ed@hex, mode:PICK
2026-07-08 00:24:24, EXEC, v:1, k:ed@hex, mode:LOCK, rate:0, size:5
2026-07-08 00:26:48, MOVE, v:1, k:ed@hex, mode:BACK
2026-07-08 00:27:07, MOVE, v:1, k:ed@lista_d3, mode:DOWN
2026-07-08 00:27:07, MOVE, v:1, k:ed@lista_d3, mode:PICK
2026-07-08 00:27:12, EXEC, v:1, k:ed@lista_d3, mode:FULL, rate:0, size:109
2026-07-08 00:27:14, EXEC, v:1, k:ed@lista_d3, mode:FULL, rate:0
2026-07-08 00:27:07, MOVE, v:1, k:ed@lista_d3, mode:EDIT
2026-07-08 00:30:31, MOVE, v:1, k:ed@lista_d3, mode:EDIT
2026-07-08 00:27:14, MOVE, v:1, k:ed@lista_d3, mode:EDIT
2026-07-08 00:34:21, EXEC, v:1, k:ed@lista_d3, mode:FULL, size:119, fail:COMP
2026-07-08 00:34:21, EXEC, v:1, k:ed@lista_d3, mode:FULL, size:119, fail:COMP
2026-07-08 00:34:19, MOVE, v:1, k:ed@lista_d3, mode:EDIT
2026-07-08 00:40:38, MOVE, v:1, k:ed@lista_d3, mode:EDIT
2026-07-08 00:46:49, MOVE, v:1, k:ed@lista_d3, mode:EDIT
2026-07-08 00:50:21, MOVE, v:1, k:ed@lista_d3, mode:EDIT
2026-07-08 00:54:36, MOVE, v:1, k:ed@lista_d3, mode:EDIT
2026-07-08 01:01:52, MOVE, v:1, k:ed@lista_d3, mode:EDIT
2026-07-08 01:06:42, MOVE, v:1, k:ed@lista_d3, mode:EDIT
2026-07-08 01:11:33, EXEC, v:1, k:ed@lista_d3, mode:FULL, size:195, fail:COMP
2026-07-08 01:11:33, EXEC, v:1, k:ed@lista_d3, mode:FULL, size:195, fail:COMP
2026-07-08 01:11:32, MOVE, v:1, k:ed@lista_d3, mode:EDIT
2026-07-08 01:14:20, EXEC, v:1, k:ed@lista_d3, mode:FULL, size:195, fail:COMP
2026-07-08 01:15:59, EXEC, v:1, k:ed@lista_d3, mode:FULL, rate:100, size:192
2026-07-08 01:16:04, MOVE, v:1, k:ed@lista_d3, mode:BACK
2026-07-08 01:18:51, MOVE, v:1, k:ed@lista_d3, mode:PICK
2026-07-08 01:18:51, EXEC, v:1, k:ed@lista_d3, mode:FULL, rate:100
2026-07-08 01:19:09, EXEC, v:1, k:ed@lista_d3, mode:FULL, size:192, fail:COMP
2026-07-08 01:19:10, EXEC, v:1, k:ed@lista_d3, mode:FULL, fail:COMP
2026-07-08 01:18:51, MOVE, v:1, k:ed@lista_d3, mode:EDIT
2026-07-08 01:19:05, MOVE, v:1, k:ed@lista_d3, mode:EDIT
2026-07-08 01:27:33, EXEC, v:1, k:ed@lista_d3, mode:FULL, rate:100, size:192
2026-07-08 01:27:33, MOVE, v:1, k:ed@lista_d3, mode:BACK
2026-07-08 01:28:01, SELF, v:1, k:ed@lista_d3, self:1, rate:100, study:80, concept:1, debug:1
2026-07-08 01:28:36, SELF, v:1, k:ed@labirinto, self:1, rate:100, study:45, concept:1, problem:1
2026-07-08 01:29:07, SELF, v:1, k:ed@vetequals, self:1, rate:100, study:90, concept:1, problem:1, debug:1
2026-07-08 01:29:16, MOVE, v:1, k:ed@enesimo, mode:DOWN
2026-07-08 01:29:17, MOVE, v:1, k:ed@enesimo, mode:PICK
2026-07-08 01:29:18, EXEC, v:1, k:ed@enesimo, mode:FULL, rate:0, size:5
2026-07-08 01:31:05, MOVE, v:1, k:ed@enesimo, mode:BACK
