2026-07-01 01:18:00, MOVE, v:1, k:ed@chaves, mode:PICK
2026-07-01 01:18:02, EXEC, v:1, k:ed@chaves, mode:FULL, rate:100, size:86
2026-07-01 01:18:04, EXEC, v:1, k:ed@chaves, mode:FULL, rate:100
2026-07-01 01:18:04, MOVE, v:1, k:ed@chaves, mode:BACK
2026-07-01 01:18:26, SELF, v:1, k:ed@chaves, self:1, rate:100, study:55, concept:1, problem:1, debug:1
2026-07-01 01:19:28, MOVE, v:1, k:ed@pilhado, mode:DOWN
2026-07-01 01:19:29, MOVE, v:1, k:ed@pilhado, mode:PICK
2026-07-01 01:19:31, EXEC, v:1, k:ed@pilhado, mode:FULL, size:41, fail:COMP
2026-07-01 01:19:32, EXEC, v:1, k:ed@pilhado, mode:FULL, fail:COMP
2026-07-01 01:17:56, MOVE, v:1, k:ed@chaves, mode:EDIT
2026-07-01 01:18:04, MOVE, v:1, k:ed@chaves, mode:EDIT
2026-07-01 01:19:28, MOVE, v:1, k:ed@pilhado, mode:EDIT
2026-07-01 01:22:11, MOVE, v:1, k:ed@pilhado, mode:EDIT
2026-07-01 01:19:28, MOVE, v:1, k:ed@pilhado, mode:EDIT
2026-07-01 01:25:53, EXEC, v:1, k:ed@pilhado, mode:FULL, size:51, fail:COMP
2026-07-01 01:25:54, EXEC, v:1, k:ed@pilhado, mode:FULL, fail:COMP
2026-07-01 01:27:06, MOVE, v:1, k:ed@pilhado, mode:EDIT
2026-07-01 01:31:51, MOVE, v:1, k:ed@pilhado, mode:EDIT
2026-07-01 01:37:26, MOVE, v:1, k:ed@pilhado, mode:EDIT
2026-07-01 01:42:35, MOVE, v:1, k:ed@pilhado, mode:EDIT
2026-07-01 01:46:53, MOVE, v:1, k:ed@pilhado, mode:EDIT
2026-07-01 01:52:39, MOVE, v:1, k:ed@pilhado, mode:EDIT
2026-07-01 01:57:39, MOVE, v:1, k:ed@pilhado, mode:EDIT
2026-07-01 01:58:25, MOVE, v:1, k:ed@pilhado, mode:EDIT
2026-07-01 02:12:05, MOVE, v:1, k:ed@pilhado, mode:EDIT
2026-07-01 02:13:49, EXEC, v:1, k:ed@pilhado, mode:FULL, size:143, fail:COMP
2026-07-01 02:17:04, MOVE, v:1, k:ed@pilhado, mode:EDIT
2026-07-01 02:21:28, EXEC, v:1, k:ed@pilhado, mode:FULL, rate:100, size:136
2026-07-01 02:21:24, MOVE, v:1, k:ed@pilhado, mode:EDIT
2026-07-01 02:21:28, MOVE, v:1, k:ed@pilhado, mode:EDIT
2026-07-01 02:22:48, MOVE, v:1, k:ed@pilhado, mode:BACK
2026-07-01 02:22:56, MOVE, v:1, k:ed@pilhado, mode:PICK
2026-07-01 02:22:57, EXEC, v:1, k:ed@pilhado, mode:FULL, rate:100
2026-07-01 02:22:58, EXEC, v:1, k:ed@pilhado, mode:FULL, rate:100
2026-07-01 02:23:01, EXEC, v:1, k:ed@pilhado, mode:FULL, rate:100
2026-07-01 02:23:01, MOVE, v:1, k:ed@pilhado, mode:BACK
2026-07-01 02:27:05, SELF, v:1, k:ed@pilhado, self:1, rate:100, study:120, concept:1, code:1
2026-07-01 02:27:36, MOVE, v:1, k:ed@wordsearch, mode:PICK
2026-07-01 02:27:37, EXEC, v:1, k:ed@wordsearch, mode:FULL, rate:25
2026-07-01 02:27:39, EXEC, v:1, k:ed@wordsearch, mode:FULL, rate:25
2026-07-01 02:27:39, MOVE, v:1, k:ed@wordsearch, mode:EDIT
2026-07-01 02:29:30, MOVE, v:1, k:ed@wordsearch, mode:EDIT
2026-07-01 02:38:16, MOVE, v:1, k:ed@wordsearch, mode:EDIT
2026-07-01 02:41:48, MOVE, v:1, k:ed@wordsearch, mode:EDIT
2026-07-01 02:47:36, MOVE, v:1, k:ed@wordsearch, mode:EDIT
2026-07-01 02:53:43, MOVE, v:1, k:ed@wordsearch, mode:EDIT
2026-07-01 02:58:30, MOVE, v:1, k:ed@wordsearch, mode:EDIT
2026-07-01 03:03:23, MOVE, v:1, k:ed@wordsearch, mode:EDIT
2026-07-01 03:03:54, EXEC, v:1, k:ed@wordsearch, mode:FULL, rate:100, size:111
2026-07-01 03:04:03, MOVE, v:1, k:ed@wordsearch, mode:BACK
2026-07-01 03:04:18, MOVE, v:1, k:ed@wordsearch, mode:PICK
2026-07-01 03:04:18, EXEC, v:1, k:ed@wordsearch, mode:FULL, rate:100
2026-07-01 03:04:52, MOVE, v:1, k:ed@wordsearch, mode:BACK
2026-07-01 03:05:44, SELF, v:1, k:ed@wordsearch, self:1, rate:100, study:60, concept:1, debug:1
