2026-06-18 00:25:31, MOVE, v:1, k:ed@prin_list2, mode:DOWN
2026-06-18 00:25:32, MOVE, v:1, k:ed@prin_list2, mode:PICK
2026-06-18 00:25:36, EXEC, v:1, k:ed@prin_list2, mode:FULL, rate:0, size:46
2026-06-18 00:25:31, MOVE, v:1, k:ed@prin_list2, mode:EDIT
2026-06-18 00:30:14, MOVE, v:1, k:ed@prin_list2, mode:EDIT
2026-06-18 00:25:36, MOVE, v:1, k:ed@prin_list2, mode:EDIT
2026-06-18 00:35:04, MOVE, v:1, k:ed@prin_list2, mode:EDIT
2026-06-18 00:40:18, MOVE, v:1, k:ed@prin_list2, mode:EDIT
2026-06-18 00:45:14, MOVE, v:1, k:ed@prin_list2, mode:EDIT
2026-06-18 00:46:05, EXEC, v:1, k:ed@prin_list2, mode:FULL, size:69, fail:COMP
2026-06-18 00:46:06, EXEC, v:1, k:ed@prin_list2, mode:FULL, fail:COMP
2026-06-18 00:46:06, EXEC, v:1, k:ed@prin_list2, mode:FULL, fail:COMP
2026-06-18 00:46:47, EXEC, v:1, k:ed@prin_list2, mode:FULL, size:69, fail:COMP
2026-06-18 00:46:48, EXEC, v:1, k:ed@prin_list2, mode:FULL, fail:COMP
2026-06-18 00:48:23, EXEC, v:1, k:ed@prin_list2, mode:FULL, rate:0, size:68
2026-06-18 00:50:18, MOVE, v:1, k:ed@prin_list2, mode:EDIT
2026-06-18 00:48:23, MOVE, v:1, k:ed@prin_list2, mode:EDIT
2026-06-18 00:51:16, EXEC, v:1, k:ed@prin_list2, mode:FULL, size:76, fail:COMP
2026-06-18 00:51:45, EXEC, v:1, k:ed@prin_list2, mode:FULL, rate:0, size:76
2026-06-18 00:53:47, EXEC, v:1, k:ed@prin_list2, mode:FULL, rate:0
2026-06-18 00:55:22, MOVE, v:1, k:ed@prin_list2, mode:EDIT
2026-06-18 00:53:47, MOVE, v:1, k:ed@prin_list2, mode:EDIT
2026-06-18 00:58:57, MOVE, v:1, k:ed@prin_list2, mode:EDIT
2026-06-18 01:10:00, MOVE, v:1, k:ed@prin_list2, mode:EDIT
2026-06-18 01:14:26, EXEC, v:1, k:ed@prin_list2, mode:FULL, size:91, fail:COMP
2026-06-18 01:14:18, MOVE, v:1, k:ed@prin_list2, mode:EDIT
2026-06-18 01:16:34, EXEC, v:1, k:ed@prin_list2, mode:FULL, size:68, fail:COMP
2026-06-18 01:16:22, MOVE, v:1, k:ed@prin_list2, mode:EDIT
2026-06-18 11:44:12, MOVE, v:1, k:ed@prin_list2, mode:PICK
2026-06-18 11:44:14, EXEC, v:1, k:ed@prin_list2, mode:FULL, fail:COMP
2026-06-18 11:44:54, EXEC, v:1, k:ed@prin_list2, mode:FULL, fail:COMP
2026-06-18 11:44:55, EXEC, v:1, k:ed@prin_list2, mode:FULL, fail:COMP
